// Jest Snapshot v1, https://goo.gl/fbAQLP

exports[`Renders "FlexColumn" component 1`] = `
.c0 {
  display: -webkit-box;
  display: -webkit-flex;
  display: -ms-flexbox;
  display: flex;
  -webkit-flex-direction: column;
  -ms-flex-direction: column;
  flex-direction: column;
  -webkit-box-pack: center;
  -webkit-justify-content: center;
  -ms-flex-pack: center;
  justify-content: center;
  -webkit-flex-wrap: wrap;
  -ms-flex-wrap: wrap;
  flex-wrap: wrap;
  position: fixed;
  z-index: 1;
  top: 60px;
  left: 0;
  width: 100%;
  -webkit-transition: opacity 300ms ease-in;
  transition: opacity 300ms ease-in;
  opacity: 1.0;
}

@media (min-width:768px) {
  .c0 {
    position: static;
    top: auto;
    left: auto;
    width: auto;
  }
}

<div
  className="c0"
>
  FlexColumn Test Text
</div>
`;
