// Jest Snapshot v1, https://goo.gl/fbAQLP

exports[`FilterList component Should render 1`] = `
.c2 {
  padding: 0 20px;
  box-sizing: border-box;
  width: 100%;
}

.c0 {
  display: -webkit-box;
  display: -webkit-flex;
  display: -ms-flexbox;
  display: flex;
  -webkit-flex-direction: column;
  -ms-flex-direction: column;
  flex-direction: column;
  -webkit-box-pack: center;
  -webkit-justify-content: center;
  -ms-flex-pack: center;
  justify-content: center;
  -webkit-flex-wrap: wrap;
  -ms-flex-wrap: wrap;
  flex-wrap: wrap;
  position: fixed;
  z-index: 1;
  top: 60px;
  left: 0;
  width: 100%;
  -webkit-transition: opacity 300ms ease-in;
  transition: opacity 300ms ease-in;
  opacity: 0.2;
}

.c3 {
  display: -webkit-box;
  display: -webkit-flex;
  display: -ms-flexbox;
  display: flex;
}

.c3 > *:first-child {
  -webkit-box-flex: 1;
  -webkit-flex-grow: 1;
  -ms-flex-positive: 1;
  flex-grow: 1;
}

.c4 {
  overflow-y: scroll;
  max-height: 50vh;
  border-top: 1px solid #F3F3F3;
}

.c1 {
  background: white;
  padding: 15px 0;
  border-top: 1px solid #F3F3F3;
  cursor: pointer;
}

.c5 {
  background: white;
  padding: 15px 0;
  border-top: 1px solid #F3F3F3;
  cursor: default;
}

.c6 {
  display: -webkit-box;
  display: -webkit-flex;
  display: -ms-flexbox;
  display: flex;
  padding-left: 30px;
  cursor: pointer;
}

.c6:hover,
.c6:active {
  border-color: #CCCCCC;
}

.c6 * {
  -webkit-transition: all 200ms ease-in;
  transition: all 200ms ease-in;
  color: #888888;
}

.c6:hover * {
  color: #303030;
}

.c6 div:first-child {
  overflow: hidden;
  -webkit-flex: 0 0 0;
  -ms-flex: 0 0 0;
  flex: 0 0 0;
  height: 15px;
}

@media (min-width:768px) {
  .c0 {
    position: static;
    top: auto;
    left: auto;
    width: auto;
  }
}

@media (min-width:768px) {
  .c4 {
    max-height: auto;
    overflow-y: visible;
    border: none;
  }
}

@media (min-width:768px) {
  .c1 {
    background: none;
  }
}

@media (min-width:768px) {
  .c5 {
    background: none;
  }
}

<div
  className="c0"
  disabled={true}
>
  <div
    className="c1"
  >
    <div
      className="c2"
    >
      <div
        className="c3"
      >
        <div
          onClick={[Function]}
        >
          Filter 
           
          <svg
            fill="none"
            height="1em"
            stroke="currentColor"
            strokeLinecap="round"
            strokeLinejoin="round"
            strokeWidth="2"
            style={
              Object {
                "color": undefined,
              }
            }
            viewBox="0 0 24 24"
            width="1em"
            xmlns="http://www.w3.org/2000/svg"
          >
            <polyline
              points="18 15 12 9 6 15"
            />
          </svg>
        </div>
      </div>
    </div>
  </div>
  <div
    className="c4"
  >
    <div
      className="c5"
      onClick={[Function]}
    >
      <div
        className="c6"
        onClick={[Function]}
      >
        <div />
        <div>
          Liked
        </div>
      </div>
    </div>
    <div
      className="c5"
      onClick={[Function]}
    >
      <div
        className="c6"
        onClick={[Function]}
      >
        <div />
        <div>
          test category
        </div>
      </div>
    </div>
  </div>
</div>
`;
